This is pdfTeX, Version 3.141592653-2.6-1.40.27 (TeX Live 2025) (preloaded format=pdflatex 2025.3.8)  17 APR 2026 13:50
entering extended mode
 restricted \write18 enabled.
 %&-line parsing enabled.
**main.tex
(./main.tex
LaTeX2e <2024-11-01> patch level 2
L3 programming layer <2025-01-18>
(/usr/local/texlive/2025/texmf-dist/tex/latex/base/article.cls
Document Class: article 2024/06/29 v1.4n Standard LaTeX document class
(/usr/local/texlive/2025/texmf-dist/tex/latex/base/size12.clo
File: size12.clo 2024/06/29 v1.4n Standard LaTeX file (size option)
)
\c@part=\count196
\c@section=\count197
\c@subsection=\count198
\c@subsubsection=\count199
\c@paragraph=\count266
\c@subparagraph=\count267
\c@figure=\count268
\c@table=\count269
\abovecaptionskip=\skip49
\belowcaptionskip=\skip50
\bibindent=\dimen141
)
(/usr/local/texlive/2025/texmf-dist/tex/latex/geometry/geometry.sty
Package: geometry 2020/01/02 v5.9 Page Geometry

(/usr/local/texlive/2025/texmf-dist/tex/latex/graphics/keyval.sty
Package: keyval 2022/05/29 v1.15 key=value parser (DPC)
\KV@toks@=\toks17
)
(/usr/local/texlive/2025/texmf-dist/tex/generic/iftex/ifvtex.sty
Package: ifvtex 2019/10/25 v1.7 ifvtex legacy package. Use iftex instead.

(/usr/local/texlive/2025/texmf-dist/tex/generic/iftex/iftex.sty
Package: iftex 2024/12/12 v1.0g TeX engine tests
))
\Gm@cnth=\count270
\Gm@cntv=\count271
\c@Gm@tempcnt=\count272
\Gm@bindingoffset=\dimen142
\Gm@wd@mp=\dimen143
\Gm@odd@mp=\dimen144
\Gm@even@mp=\dimen145
\Gm@layoutwidth=\dimen146
\Gm@layoutheight=\dimen147
\Gm@layouthoffset=\dimen148
\Gm@layoutvoffset=\dimen149
\Gm@dimlist=\toks18
)
(/usr/local/texlive/2025/texmf-dist/tex/latex/graphics/graphicx.sty
Package: graphicx 2021/09/16 v1.2d Enhanced LaTeX Graphics (DPC,SPQR)

(/usr/local/texlive/2025/texmf-dist/tex/latex/graphics/graphics.sty
Package: graphics 2024/08/06 v1.4g Standard LaTeX Graphics (DPC,SPQR)

(/usr/local/texlive/2025/texmf-dist/tex/latex/graphics/trig.sty
Package: trig 2023/12/02 v1.11 sin cos tan (DPC)
)
(/usr/local/texlive/2025/texmf-dist/tex/latex/graphics-cfg/graphics.cfg
File: graphics.cfg 2016/06/04 v1.11 sample graphics configuration
)
Package graphics Info: Driver file: pdftex.def on input line 106.

(/usr/local/texlive/2025/texmf-dist/tex/latex/graphics-def/pdftex.def
File: pdftex.def 2024/04/13 v1.2c Graphics/color driver for pdftex
))
\Gin@req@height=\dimen150
\Gin@req@width=\dimen151
)
(/usr/local/texlive/2025/texmf-dist/tex/latex/amsfonts/amssymb.sty
Package: amssymb 2013/01/14 v3.01 AMS font symbols

(/usr/local/texlive/2025/texmf-dist/tex/latex/amsfonts/amsfonts.sty
Package: amsfonts 2013/01/14 v3.01 Basic AMSFonts support
\@emptytoks=\toks19
\symAMSa=\mathgroup4
\symAMSb=\mathgroup5
LaTeX Font Info:    Redeclaring math symbol \hbar on input line 98.
LaTeX Font Info:    Overwriting math alphabet `\mathfrak' in version `bold'
(Font)                  U/euf/m/n --> U/euf/b/n on input line 106.
))
(/usr/local/texlive/2025/texmf-dist/tex/latex/psnfss/helvet.sty
Package: helvet 2020/03/25 PSNFSS-v9.3 (WaS) 
)
(/usr/local/texlive/2025/texmf-dist/tex/latex/setspace/setspace.sty
Package: setspace 2022/12/04 v6.7b set line spacing
)
(/usr/local/texlive/2025/texmf-dist/tex/latex/wrapfig/wrapfig.sty
\wrapoverhang=\dimen152
\WF@size=\dimen153
\c@WF@wrappedlines=\count273
\WF@box=\box52
\WF@everypar=\toks20
Package: wrapfig 2003/01/31  v 3.6
)
(/usr/local/texlive/2025/texmf-dist/tex/latex/listings/listings.sty
\lst@mode=\count274
\lst@gtempboxa=\box53
\lst@token=\toks21
\lst@length=\count275
\lst@currlwidth=\dimen154
\lst@column=\count276
\lst@pos=\count277
\lst@lostspace=\dimen155
\lst@width=\dimen156
\lst@newlines=\count278
\lst@lineno=\count279
\lst@maxwidth=\dimen157

(/usr/local/texlive/2025/texmf-dist/tex/latex/listings/lstpatch.sty
File: lstpatch.sty 2024/09/23 1.10c (Carsten Heinz)
)
(/usr/local/texlive/2025/texmf-dist/tex/latex/listings/lstmisc.sty
File: lstmisc.sty 2024/09/23 1.10c (Carsten Heinz)
\c@lstnumber=\count280
\lst@skipnumbers=\count281
\lst@framebox=\box54
)
(/usr/local/texlive/2025/texmf-dist/tex/latex/listings/listings.cfg
File: listings.cfg 2024/09/23 1.10c listings configuration
))
Package: listings 2024/09/23 1.10c (Carsten Heinz)
LaTeX Font Info:    Trying to load font information for OT1+phv on input line 1
1.

(/usr/local/texlive/2025/texmf-dist/tex/latex/psnfss/ot1phv.fd
File: ot1phv.fd 2020/03/25 scalable font definitions for OT1/phv.
)
(/usr/local/texlive/2025/texmf-dist/tex/latex/l3backend/l3backend-pdftex.def
File: l3backend-pdftex.def 2024-05-08 L3 backend support: PDF output (pdfTeX)
\l__color_backend_stack_int=\count282
\l__pdf_internal_box=\box55
)
(./main.aux)
\openout1 = `main.aux'.

LaTeX Font Info:    Checking defaults for OML/cmm/m/it on input line 11.
LaTeX Font Info:    ... okay on input line 11.
LaTeX Font Info:    Checking defaults for OMS/cmsy/m/n on input line 11.
LaTeX Font Info:    ... okay on input line 11.
LaTeX Font Info:    Checking defaults for OT1/cmr/m/n on input line 11.
LaTeX Font Info:    ... okay on input line 11.
LaTeX Font Info:    Checking defaults for T1/cmr/m/n on input line 11.
LaTeX Font Info:    ... okay on input line 11.
LaTeX Font Info:    Checking defaults for TS1/cmr/m/n on input line 11.
LaTeX Font Info:    ... okay on input line 11.
LaTeX Font Info:    Checking defaults for OMX/cmex/m/n on input line 11.
LaTeX Font Info:    ... okay on input line 11.
LaTeX Font Info:    Checking defaults for U/cmr/m/n on input line 11.
LaTeX Font Info:    ... okay on input line 11.

*geometry* driver: auto-detecting
*geometry* detected driver: pdftex
*geometry* verbose mode - [ preamble ] result:
* driver: pdftex
* paper: letterpaper
* layout: <same size as paper>
* layoutoffset:(h,v)=(0.0pt,0.0pt)
* modes: 
* h-part:(L,W,R)=(72.26999pt, 469.75502pt, 72.26999pt)
* v-part:(T,H,B)=(72.26999pt, 650.43001pt, 72.26999pt)
* \paperwidth=614.295pt
* \paperheight=794.96999pt
* \textwidth=469.75502pt
* \textheight=650.43001pt
* \oddsidemargin=0.0pt
* \evensidemargin=0.0pt
* \topmargin=-37.0pt
* \headheight=12.0pt
* \headsep=25.0pt
* \topskip=12.0pt
* \footskip=30.0pt
* \marginparwidth=44.0pt
* \marginparsep=10.0pt
* \columnsep=10.0pt
* \skip\footins=10.8pt plus 4.0pt minus 2.0pt
* \hoffset=0.0pt
* \voffset=0.0pt
* \mag=1000
* \@twocolumnfalse
* \@twosidefalse
* \@mparswitchfalse
* \@reversemarginfalse
* (1in=72.27pt=25.4mm, 1cm=28.453pt)

(/usr/local/texlive/2025/texmf-dist/tex/context/base/mkii/supp-pdf.mkii
[Loading MPS to PDF converter (version 2006.09.02).]
\scratchcounter=\count283
\scratchdimen=\dimen158
\scratchbox=\box56
\nofMPsegments=\count284
\nofMParguments=\count285
\everyMPshowfont=\toks22
\MPscratchCnt=\count286
\MPscratchDim=\dimen159
\MPnumerator=\count287
\makeMPintoPDFobject=\count288
\everyMPtoPDFconversion=\toks23
) (/usr/local/texlive/2025/texmf-dist/tex/latex/epstopdf-pkg/epstopdf-base.sty
Package: epstopdf-base 2020-01-24 v2.11 Base part for package epstopdf
Package epstopdf-base Info: Redefining graphics rule for `.eps' on input line 4
85.

(/usr/local/texlive/2025/texmf-dist/tex/latex/latexconfig/epstopdf-sys.cfg
File: epstopdf-sys.cfg 2010/07/13 v1.3 Configuration of (r)epstopdf for TeX Liv
e
))
\c@lstlisting=\count289
LaTeX Font Info:    Trying to load font information for U+msa on input line 21.


(/usr/local/texlive/2025/texmf-dist/tex/latex/amsfonts/umsa.fd
File: umsa.fd 2013/01/14 v3.01 AMS symbols A
)
LaTeX Font Info:    Trying to load font information for U+msb on input line 21.


(/usr/local/texlive/2025/texmf-dist/tex/latex/amsfonts/umsb.fd
File: umsb.fd 2013/01/14 v3.01 AMS symbols B
)
</Users/lucdenardi/Desktop/code_lang/python/french_clear_speach/py_files/decisi
on_tree/importance_nasal_only.png, id=1, 462.528pt x 346.896pt>
File: /Users/lucdenardi/Desktop/code_lang/python/french_clear_speach/py_files/d
ecision_tree/importance_nasal_only.png Graphic file (type png)
<use /Users/lucdenardi/Desktop/code_lang/python/french_clear_speach/py_files/de
cision_tree/importance_nasal_only.png>
Package pdftex.def Info: /Users/lucdenardi/Desktop/code_lang/python/french_clea
r_speach/py_files/decision_tree/importance_nasal_only.png  used on input line 8
8.
(pdftex.def)             Requested size: 234.8775pt x 176.15768pt.


[1

{/usr/local/texlive/2025/texmf-var/fonts/map/pdftex/updmap/pdftex.map}{/usr/loc
al/texlive/2025/texmf-dist/fonts/enc/dvips/base/8r.enc}]
</Users/lucdenardi/Desktop/code_lang/python/french_clear_speach/py_files/decisi
on_tree/permutation_nasal_only.png, id=11, 462.528pt x 346.896pt>
File: /Users/lucdenardi/Desktop/code_lang/python/french_clear_speach/py_files/d
ecision_tree/permutation_nasal_only.png Graphic file (type png)
<use /Users/lucdenardi/Desktop/code_lang/python/french_clear_speach/py_files/de
cision_tree/permutation_nasal_only.png>
Package pdftex.def Info: /Users/lucdenardi/Desktop/code_lang/python/french_clea
r_speach/py_files/decision_tree/permutation_nasal_only.png  used on input line 
97.
(pdftex.def)             Requested size: 234.8775pt x 176.15768pt.


[2 </Users/lucdenardi/Desktop/code_lang/python/french_clear_speach/py_files/dec
ision_tree/importance_nasal_only.png> </Users/lucdenardi/Desktop/code_lang/pyth
on/french_clear_speach/py_files/decision_tree/permutation_nasal_only.png>]
</Users/lucdenardi/Desktop/code_lang/python/french_clear_speach/py_files/decisi
on_tree/importance_creak_only.png, id=18, 462.528pt x 346.896pt>
File: /Users/lucdenardi/Desktop/code_lang/python/french_clear_speach/py_files/d
ecision_tree/importance_creak_only.png Graphic file (type png)
<use /Users/lucdenardi/Desktop/code_lang/python/french_clear_speach/py_files/de
cision_tree/importance_creak_only.png>
Package pdftex.def Info: /Users/lucdenardi/Desktop/code_lang/python/french_clea
r_speach/py_files/decision_tree/importance_creak_only.png  used on input line 1
59.
(pdftex.def)             Requested size: 234.8775pt x 176.15768pt.
File: /Users/lucdenardi/Desktop/code_lang/python/french_clear_speach/py_files/d
ecision_tree/permutation_nasal_only.png Graphic file (type png)
<use /Users/lucdenardi/Desktop/code_lang/python/french_clear_speach/py_files/de
cision_tree/permutation_nasal_only.png>
Package pdftex.def Info: /Users/lucdenardi/Desktop/code_lang/python/french_clea
r_speach/py_files/decision_tree/permutation_nasal_only.png  used on input line 
168.
(pdftex.def)             Requested size: 234.8775pt x 176.15768pt.


[3 </Users/lucdenardi/Desktop/code_lang/python/french_clear_speach/py_files/dec
ision_tree/importance_creak_only.png>]
</Users/lucdenardi/Desktop/code_lang/python/french_clear_speach/py_files/decisi
on_tree/importance_both.png, id=23, 462.528pt x 346.896pt>
File: /Users/lucdenardi/Desktop/code_lang/python/french_clear_speach/py_files/d
ecision_tree/importance_both.png Graphic file (type png)
<use /Users/lucdenardi/Desktop/code_lang/python/french_clear_speach/py_files/de
cision_tree/importance_both.png>
Package pdftex.def Info: /Users/lucdenardi/Desktop/code_lang/python/french_clea
r_speach/py_files/decision_tree/importance_both.png  used on input line 226.
(pdftex.def)             Requested size: 234.8775pt x 176.15768pt.
</Users/lucdenardi/Desktop/code_lang/python/french_clear_speach/py_files/decisi
on_tree/permutation_both.png, id=24, 462.528pt x 346.896pt>
File: /Users/lucdenardi/Desktop/code_lang/python/french_clear_speach/py_files/d
ecision_tree/permutation_both.png Graphic file (type png)
<use /Users/lucdenardi/Desktop/code_lang/python/french_clear_speach/py_files/de
cision_tree/permutation_both.png>
Package pdftex.def Info: /Users/lucdenardi/Desktop/code_lang/python/french_clea
r_speach/py_files/decision_tree/permutation_both.png  used on input line 239.
(pdftex.def)             Requested size: 234.8775pt x 176.15768pt.


[4]

[5 </Users/lucdenardi/Desktop/code_lang/python/french_clear_speach/py_files/dec
ision_tree/importance_both.png> </Users/lucdenardi/Desktop/code_lang/python/fre
nch_clear_speach/py_files/decision_tree/permutation_both.png>] (./main.aux)
 ***********
LaTeX2e <2024-11-01> patch level 2
L3 programming layer <2025-01-18>
 ***********
 ) 
Here is how much of TeX's memory you used:
 4036 strings out of 473190
 65026 string characters out of 5715801
 460009 words of memory out of 5000000
 27265 multiletter control sequences out of 15000+600000
 571353 words of font info for 64 fonts, out of 8000000 for 9000
 1141 hyphenation exceptions out of 8191
 57i,9n,65p,201b,266s stack positions out of 10000i,1000n,20000p,200000b,200000s
</usr/local/texlive/2025/texmf-dist/fonts/type1/public/amsfonts/cm/cmmi12.pfb
></usr/local/texlive/2025/texmf-dist/fonts/type1/public/amsfonts/cm/cmr12.pfb><
/usr/local/texlive/2025/texmf-dist/fonts/type1/urw/helvetic/uhvb8a.pfb></usr/lo
cal/texlive/2025/texmf-dist/fonts/type1/urw/helvetic/uhvr8a.pfb>
Output written on main.pdf (5 pages, 159981 bytes).
PDF statistics:
 52 PDF objects out of 1000 (max. 8388607)
 26 compressed objects within 1 object stream
 0 named destinations out of 1000 (max. 500000)
 26 words of extra memory for PDF output out of 10000 (max. 10000000)

